[2026-06-05T10:40:28.954Z] [LOG] [LOGGER] Log file: D:\Project Gabut\bot-anomalies\anri\logs\bot.log
[2026-06-05T10:40:33.650Z] [LOG] [36m╔──────────────────────────╗[39m
[2026-06-05T10:40:33.651Z] [LOG] [36m║ LOADED EVENTS:           ║[39m
[2026-06-05T10:40:33.652Z] [LOG] [36m║   • interactionCreate    ║[39m
[2026-06-05T10:40:33.653Z] [LOG] [36m║   • messageCreate        ║[39m
[2026-06-05T10:40:33.654Z] [LOG] [36m║   • clientReady (once)   ║[39m
[2026-06-05T10:40:33.654Z] [LOG] [36m║                          ║[39m
[2026-06-05T10:40:33.654Z] [LOG] [36m╚──────────────────────────╝[39m
[2026-06-05T10:40:33.655Z] [LOG] [35mAll events loaded successfully![39m
[2026-06-05T10:40:33.676Z] [LOG] [RANKING] Weekly reset timer started. Next Monday WIB reset ≈ 2026-06-07T17:00:00.000Z
[2026-06-05T10:40:33.714Z] [LOG] [32m╔─────────────────────────────╗[39m
[2026-06-05T10:40:33.714Z] [LOG] [32m║ LOADED COMMANDS:            ║[39m
[2026-06-05T10:40:33.716Z] [LOG] [32m║   • autologin               ║[39m
[2026-06-05T10:40:33.716Z] [LOG] [32m║   • autopanel               ║[39m
[2026-06-05T10:40:33.717Z] [LOG] [32m║   • ping                    ║[39m
[2026-06-05T10:40:33.718Z] [LOG] [32m║   • ranking                 ║[39m
[2026-06-05T10:40:33.718Z] [LOG] [32m║   • ticket                  ║[39m
[2026-06-05T10:40:33.718Z] [LOG] [32m║   • autopost                ║[39m
[2026-06-05T10:40:33.719Z] [LOG] [32m║   • settoken                ║[39m
[2026-06-05T10:40:33.719Z] [LOG] [32m║   • button-1                ║[39m
[2026-06-05T10:40:33.719Z] [LOG] [32m║   • button-2                ║[39m
[2026-06-05T10:40:33.720Z] [LOG] [32m║   • button-3                ║[39m
[2026-06-05T10:40:33.720Z] [LOG] [32m║   • file-component          ║[39m
[2026-06-05T10:40:33.720Z] [LOG] [32m║   • media-gallery           ║[39m
[2026-06-05T10:40:33.720Z] [LOG] [32m║   • menu                    ║[39m
[2026-06-05T10:40:33.721Z] [LOG] [32m║   • section-and-thumbnail   ║[39m
[2026-06-05T10:40:33.721Z] [LOG] [32m║   • separator               ║[39m
[2026-06-05T10:40:33.721Z] [LOG] [32m║   • text-display            ║[39m
[2026-06-05T10:40:33.721Z] [LOG] [32m║   • v2-components           ║[39m
[2026-06-05T10:40:33.722Z] [LOG] [32m║                             ║[39m
[2026-06-05T10:40:33.722Z] [LOG] [32m╚─────────────────────────────╝[39m
[2026-06-05T10:40:33.736Z] [LOG] [32m╔═══════════════════════════╗[39m
[2026-06-05T10:40:33.737Z] [LOG] [32m║ LOADED COMMANDS:          ║[39m
[2026-06-05T10:40:33.737Z] [LOG] [32m║   • AutoLogin/autologin   ║[39m
[2026-06-05T10:40:33.737Z] [LOG] [32m║   • AutoPost/autopost     ║[39m
[2026-06-05T10:40:33.738Z] [LOG] [32m║   • Info/ping             ║[39m
[2026-06-05T10:40:33.738Z] [LOG] [32m║                           ║[39m
[2026-06-05T10:40:33.738Z] [LOG] [32m╚═══════════════════════════╝[39m
[2026-06-05T10:40:33.739Z] [LOG] [35mSUCCESS: Message commands loaded successfully![39m
[2026-06-05T10:40:33.761Z] [LOG] [RANKING] Resetting weekly count for anrizz12 (was 1 jobs)
[2026-06-05T10:40:33.763Z] [LOG] [RANKING] Weekly reset complete. Next reset: 2026-06-07T17:00:00.000Z
[2026-06-05T10:40:35.083Z] [LOG] [32m[INFO] App logged in successfully[39m
[2026-06-05T10:40:35.150Z] [LOG] ╔────────────────────────────────────────╗
[2026-06-05T10:40:35.150Z] [LOG] ║ BOT READY                              ║
[2026-06-05T10:40:35.151Z] [LOG] ╠────────────────────────────────────────╣
[2026-06-05T10:40:35.151Z] [LOG] ║ Logged in as Ken & Kazumi Store#1384   ║
[2026-06-05T10:40:35.152Z] [LOG] ╚────────────────────────────────────────╝
[2026-06-05T10:40:35.217Z] [LOG] [35mSUCCESS: Slash commands registered successfully![39m
[2026-06-05T11:04:06.584Z] [LOG] [LOGGER] Log file: D:\Project Gabut\bot-anomalies\anri\logs\bot.log
[2026-06-05T11:04:13.505Z] [LOG] [36m╔──────────────────────────╗[39m
[2026-06-05T11:04:13.506Z] [LOG] [36m║ LOADED EVENTS:           ║[39m
[2026-06-05T11:04:13.507Z] [LOG] [36m║   • interactionCreate    ║[39m
[2026-06-05T11:04:13.508Z] [LOG] [36m║   • messageCreate        ║[39m
[2026-06-05T11:04:13.508Z] [LOG] [36m║   • clientReady (once)   ║[39m
[2026-06-05T11:04:13.509Z] [LOG] [36m║                          ║[39m
[2026-06-05T11:04:13.509Z] [LOG] [36m╚──────────────────────────╝[39m
[2026-06-05T11:04:13.509Z] [LOG] [35mAll events loaded successfully![39m
[2026-06-05T11:04:13.629Z] [LOG] [RANKING] Weekly reset timer started. Next Monday WIB reset ≈ 2026-06-07T17:00:00.000Z
[2026-06-05T11:04:13.827Z] [LOG] [32m╔─────────────────────────────╗[39m
[2026-06-05T11:04:13.827Z] [LOG] [32m║ LOADED COMMANDS:            ║[39m
[2026-06-05T11:04:13.829Z] [LOG] [32m║   • autologin               ║[39m
[2026-06-05T11:04:13.830Z] [LOG] [32m║   • autopanel               ║[39m
[2026-06-05T11:04:13.831Z] [LOG] [32m║   • ping                    ║[39m
[2026-06-05T11:04:13.832Z] [LOG] [32m║   • ranking                 ║[39m
[2026-06-05T11:04:13.832Z] [LOG] [32m║   • ticket                  ║[39m
[2026-06-05T11:04:13.833Z] [LOG] [32m║   • autopost                ║[39m
[2026-06-05T11:04:13.833Z] [LOG] [32m║   • settoken                ║[39m
[2026-06-05T11:04:13.833Z] [LOG] [32m║   • button-1                ║[39m
[2026-06-05T11:04:13.834Z] [LOG] [32m║   • button-2                ║[39m
[2026-06-05T11:04:13.834Z] [LOG] [32m║   • button-3                ║[39m
[2026-06-05T11:04:13.837Z] [LOG] [32m║   • file-component          ║[39m
[2026-06-05T11:04:13.838Z] [LOG] [32m║   • media-gallery           ║[39m
[2026-06-05T11:04:13.838Z] [LOG] [32m║   • menu                    ║[39m
[2026-06-05T11:04:13.839Z] [LOG] [32m║   • section-and-thumbnail   ║[39m
[2026-06-05T11:04:13.839Z] [LOG] [32m║   • separator               ║[39m
[2026-06-05T11:04:13.839Z] [LOG] [32m║   • text-display            ║[39m
[2026-06-05T11:04:13.840Z] [LOG] [32m║   • v2-components           ║[39m
[2026-06-05T11:04:13.840Z] [LOG] [32m║                             ║[39m
[2026-06-05T11:04:13.840Z] [LOG] [32m╚─────────────────────────────╝[39m
[2026-06-05T11:04:13.911Z] [LOG] [32m╔═══════════════════════════╗[39m
[2026-06-05T11:04:13.911Z] [LOG] [32m║ LOADED COMMANDS:          ║[39m
[2026-06-05T11:04:13.913Z] [LOG] [32m║   • AutoLogin/autologin   ║[39m
[2026-06-05T11:04:13.914Z] [LOG] [32m║   • AutoPost/autopost     ║[39m
[2026-06-05T11:04:13.914Z] [LOG] [32m║   • Info/ping             ║[39m
[2026-06-05T11:04:13.915Z] [LOG] [32m║                           ║[39m
[2026-06-05T11:04:13.915Z] [LOG] [32m╚═══════════════════════════╝[39m
[2026-06-05T11:04:13.915Z] [LOG] [35mSUCCESS: Message commands loaded successfully![39m
[2026-06-05T11:04:14.627Z] [LOG] [35mSUCCESS: Slash commands registered successfully![39m
[2026-06-05T11:04:15.280Z] [LOG] [32m[INFO] App logged in successfully[39m
[2026-06-05T11:04:15.357Z] [LOG] ╔────────────────────────────────────────╗
[2026-06-05T11:04:15.357Z] [LOG] ║ BOT READY                              ║
[2026-06-05T11:04:15.359Z] [LOG] ╠────────────────────────────────────────╣
[2026-06-05T11:04:15.359Z] [LOG] ║ Logged in as Ken & Kazumi Store#1384   ║
[2026-06-05T11:04:15.359Z] [LOG] ╚────────────────────────────────────────╝
[2026-06-05T11:16:07.283Z] [LOG] [LOGGER] Log file: D:\Project Gabut\bot-anomalies\anri\logs\bot.log
[2026-06-05T11:16:09.008Z] [LOG] [36m╔──────────────────────────╗[39m
[2026-06-05T11:16:09.009Z] [LOG] [36m║ LOADED EVENTS:           ║[39m
[2026-06-05T11:16:09.010Z] [LOG] [36m║   • interactionCreate    ║[39m
[2026-06-05T11:16:09.010Z] [LOG] [36m║   • messageCreate        ║[39m
[2026-06-05T11:16:09.011Z] [LOG] [36m║   • clientReady (once)   ║[39m
[2026-06-05T11:16:09.011Z] [LOG] [36m║                          ║[39m
[2026-06-05T11:16:09.012Z] [LOG] [36m╚──────────────────────────╝[39m
[2026-06-05T11:16:09.012Z] [LOG] [35mAll events loaded successfully![39m
[2026-06-05T11:16:09.032Z] [LOG] [RANKING] Weekly reset timer started. Next Monday WIB reset ≈ 2026-06-07T17:00:00.000Z
[2026-06-05T11:16:09.058Z] [LOG] [32m╔─────────────────────────────╗[39m
[2026-06-05T11:16:09.058Z] [LOG] [32m║ LOADED COMMANDS:            ║[39m
[2026-06-05T11:16:09.059Z] [LOG] [32m║   • autologin               ║[39m
[2026-06-05T11:16:09.059Z] [LOG] [32m║   • autopanel               ║[39m
[2026-06-05T11:16:09.060Z] [LOG] [32m║   • ping                    ║[39m
[2026-06-05T11:16:09.061Z] [LOG] [32m║   • ranking                 ║[39m
[2026-06-05T11:16:09.061Z] [LOG] [32m║   • ticket                  ║[39m
[2026-06-05T11:16:09.062Z] [LOG] [32m║   • autopost                ║[39m
[2026-06-05T11:16:09.062Z] [LOG] [32m║   • settoken                ║[39m
[2026-06-05T11:16:09.062Z] [LOG] [32m║   • button-1                ║[39m
[2026-06-05T11:16:09.062Z] [LOG] [32m║   • button-2                ║[39m
[2026-06-05T11:16:09.063Z] [LOG] [32m║   • button-3                ║[39m
[2026-06-05T11:16:09.063Z] [LOG] [32m║   • file-component          ║[39m
[2026-06-05T11:16:09.063Z] [LOG] [32m║   • media-gallery           ║[39m
[2026-06-05T11:16:09.063Z] [LOG] [32m║   • menu                    ║[39m
[2026-06-05T11:16:09.064Z] [LOG] [32m║   • section-and-thumbnail   ║[39m
[2026-06-05T11:16:09.064Z] [LOG] [32m║   • separator               ║[39m
[2026-06-05T11:16:09.064Z] [LOG] [32m║   • text-display            ║[39m
[2026-06-05T11:16:09.065Z] [LOG] [32m║   • v2-components           ║[39m
[2026-06-05T11:16:09.065Z] [LOG] [32m║                             ║[39m
[2026-06-05T11:16:09.065Z] [LOG] [32m╚─────────────────────────────╝[39m
[2026-06-05T11:16:09.073Z] [LOG] [32m╔═══════════════════════════╗[39m
[2026-06-05T11:16:09.073Z] [LOG] [32m║ LOADED COMMANDS:          ║[39m
[2026-06-05T11:16:09.074Z] [LOG] [32m║   • AutoLogin/autologin   ║[39m
[2026-06-05T11:16:09.074Z] [LOG] [32m║   • AutoPost/autopost     ║[39m
[2026-06-05T11:16:09.074Z] [LOG] [32m║   • Info/ping             ║[39m
[2026-06-05T11:16:09.075Z] [LOG] [32m║                           ║[39m
[2026-06-05T11:16:09.075Z] [LOG] [32m╚═══════════════════════════╝[39m
[2026-06-05T11:16:09.075Z] [LOG] [35mSUCCESS: Message commands loaded successfully![39m
[2026-06-05T11:16:09.565Z] [LOG] [35mSUCCESS: Slash commands registered successfully![39m
[2026-06-05T11:16:10.372Z] [LOG] [32m[INFO] App logged in successfully[39m
[2026-06-05T11:16:10.447Z] [LOG] ╔────────────────────────────────────────╗
[2026-06-05T11:16:10.447Z] [LOG] ║ BOT READY                              ║
[2026-06-05T11:16:10.448Z] [LOG] ╠────────────────────────────────────────╣
[2026-06-05T11:16:10.449Z] [LOG] ║ Logged in as Ken & Kazumi Store#1384   ║
[2026-06-05T11:16:10.450Z] [LOG] ╚────────────────────────────────────────╝
[2026-06-05T11:22:12.157Z] [LOG] [LOGGER] Log file: D:\Project Gabut\bot-anomalies\anri\logs\bot.log
[2026-06-05T11:22:13.854Z] [LOG] [36m╔──────────────────────────╗[39m
[2026-06-05T11:22:13.855Z] [LOG] [36m║ LOADED EVENTS:           ║[39m
[2026-06-05T11:22:13.856Z] [LOG] [36m║   • interactionCreate    ║[39m
[2026-06-05T11:22:13.856Z] [LOG] [36m║   • messageCreate        ║[39m
[2026-06-05T11:22:13.857Z] [LOG] [36m║   • clientReady (once)   ║[39m
[2026-06-05T11:22:13.858Z] [LOG] [36m║                          ║[39m
[2026-06-05T11:22:13.858Z] [LOG] [36m╚──────────────────────────╝[39m
[2026-06-05T11:22:13.859Z] [LOG] [35mAll events loaded successfully![39m
[2026-06-05T11:22:13.895Z] [LOG] [RANKING] Weekly reset timer started. Next Monday WIB reset ≈ 2026-06-07T17:00:00.000Z
[2026-06-05T11:22:13.923Z] [LOG] [32m╔─────────────────────────────╗[39m
[2026-06-05T11:22:13.923Z] [LOG] [32m║ LOADED COMMANDS:            ║[39m
[2026-06-05T11:22:13.924Z] [LOG] [32m║   • autologin               ║[39m
[2026-06-05T11:22:13.924Z] [LOG] [32m║   • autopanel               ║[39m
[2026-06-05T11:22:13.925Z] [LOG] [32m║   • ping                    ║[39m
[2026-06-05T11:22:13.925Z] [LOG] [32m║   • ranking                 ║[39m
[2026-06-05T11:22:13.926Z] [LOG] [32m║   • ticket                  ║[39m
[2026-06-05T11:22:13.926Z] [LOG] [32m║   • autopost                ║[39m
[2026-06-05T11:22:13.926Z] [LOG] [32m║   • settoken                ║[39m
[2026-06-05T11:22:13.926Z] [LOG] [32m║   • button-1                ║[39m
[2026-06-05T11:22:13.927Z] [LOG] [32m║   • button-2                ║[39m
[2026-06-05T11:22:13.927Z] [LOG] [32m║   • button-3                ║[39m
[2026-06-05T11:22:13.927Z] [LOG] [32m║   • file-component          ║[39m
[2026-06-05T11:22:13.928Z] [LOG] [32m║   • media-gallery           ║[39m
[2026-06-05T11:22:13.928Z] [LOG] [32m║   • menu                    ║[39m
[2026-06-05T11:22:13.928Z] [LOG] [32m║   • section-and-thumbnail   ║[39m
[2026-06-05T11:22:13.928Z] [LOG] [32m║   • separator               ║[39m
[2026-06-05T11:22:13.929Z] [LOG] [32m║   • text-display            ║[39m
[2026-06-05T11:22:13.929Z] [LOG] [32m║   • v2-components           ║[39m
[2026-06-05T11:22:13.929Z] [LOG] [32m║                             ║[39m
[2026-06-05T11:22:13.931Z] [LOG] [32m╚─────────────────────────────╝[39m
[2026-06-05T11:22:13.938Z] [LOG] [32m╔═══════════════════════════╗[39m
[2026-06-05T11:22:13.938Z] [LOG] [32m║ LOADED COMMANDS:          ║[39m
[2026-06-05T11:22:13.939Z] [LOG] [32m║   • AutoLogin/autologin   ║[39m
[2026-06-05T11:22:13.939Z] [LOG] [32m║   • AutoPost/autopost     ║[39m
[2026-06-05T11:22:13.939Z] [LOG] [32m║   • Info/ping             ║[39m
[2026-06-05T11:22:13.940Z] [LOG] [32m║                           ║[39m
[2026-06-05T11:22:13.940Z] [LOG] [32m╚═══════════════════════════╝[39m
[2026-06-05T11:22:13.940Z] [LOG] [35mSUCCESS: Message commands loaded successfully![39m
[2026-06-05T11:22:14.460Z] [LOG] [35mSUCCESS: Slash commands registered successfully![39m
[2026-06-05T11:22:15.198Z] [LOG] [32m[INFO] App logged in successfully[39m
[2026-06-05T11:22:15.263Z] [LOG] ╔────────────────────────────────────────╗
[2026-06-05T11:22:15.263Z] [LOG] ║ BOT READY                              ║
[2026-06-05T11:22:15.264Z] [LOG] ╠────────────────────────────────────────╣
[2026-06-05T11:22:15.264Z] [LOG] ║ Logged in as Ken & Kazumi Store#1384   ║
[2026-06-05T11:22:15.265Z] [LOG] ╚────────────────────────────────────────╝
[2026-06-05T11:24:50.317Z] [LOG] [LOGGER] Log file: D:\Project Gabut\bot-anomalies\anri\logs\bot.log
[2026-06-05T11:24:51.367Z] [LOG] [36m╔──────────────────────────╗[39m
[2026-06-05T11:24:51.368Z] [LOG] [36m║ LOADED EVENTS:           ║[39m
[2026-06-05T11:24:51.369Z] [LOG] [36m║   • interactionCreate    ║[39m
[2026-06-05T11:24:51.370Z] [LOG] [36m║   • messageCreate        ║[39m
[2026-06-05T11:24:51.371Z] [LOG] [36m║   • clientReady (once)   ║[39m
[2026-06-05T11:24:51.372Z] [LOG] [36m║                          ║[39m
[2026-06-05T11:24:51.373Z] [LOG] [36m╚──────────────────────────╝[39m
[2026-06-05T11:24:51.374Z] [LOG] [35mAll events loaded successfully![39m
[2026-06-05T11:24:51.401Z] [LOG] [RANKING] Weekly reset timer started. Next Monday WIB reset ≈ 2026-06-07T17:00:00.000Z
[2026-06-05T11:24:51.439Z] [LOG] [32m╔─────────────────────────────╗[39m
[2026-06-05T11:24:51.442Z] [LOG] [32m║ LOADED COMMANDS:            ║[39m
[2026-06-05T11:24:51.443Z] [LOG] [32m║   • autologin               ║[39m
[2026-06-05T11:24:51.443Z] [LOG] [32m║   • autopanel               ║[39m
[2026-06-05T11:24:51.444Z] [LOG] [32m║   • ping                    ║[39m
[2026-06-05T11:24:51.445Z] [LOG] [32m║   • ranking                 ║[39m
[2026-06-05T11:24:51.446Z] [LOG] [32m║   • ticket                  ║[39m
[2026-06-05T11:24:51.447Z] [LOG] [32m║   • autopost                ║[39m
[2026-06-05T11:24:51.447Z] [LOG] [32m║   • settoken                ║[39m
[2026-06-05T11:24:51.448Z] [LOG] [32m║   • button-1                ║[39m
[2026-06-05T11:24:51.449Z] [LOG] [32m║   • button-2                ║[39m
[2026-06-05T11:24:51.449Z] [LOG] [32m║   • button-3                ║[39m
[2026-06-05T11:24:51.450Z] [LOG] [32m║   • file-component          ║[39m
[2026-06-05T11:24:51.451Z] [LOG] [32m║   • media-gallery           ║[39m
[2026-06-05T11:24:51.452Z] [LOG] [32m║   • menu                    ║[39m
[2026-06-05T11:24:51.452Z] [LOG] [32m║   • section-and-thumbnail   ║[39m
[2026-06-05T11:24:51.457Z] [LOG] [32m║   • separator               ║[39m
[2026-06-05T11:24:51.458Z] [LOG] [32m║   • text-display            ║[39m
[2026-06-05T11:24:51.461Z] [LOG] [32m║   • v2-components           ║[39m
[2026-06-05T11:24:51.464Z] [LOG] [32m║                             ║[39m
[2026-06-05T11:24:51.465Z] [LOG] [32m╚─────────────────────────────╝[39m
[2026-06-05T11:24:51.495Z] [LOG] [32m╔═══════════════════════════╗[39m
[2026-06-05T11:24:51.498Z] [LOG] [32m║ LOADED COMMANDS:          ║[39m
[2026-06-05T11:24:51.501Z] [LOG] [32m║   • AutoLogin/autologin   ║[39m
[2026-06-05T11:24:51.502Z] [LOG] [32m║   • AutoPost/autopost     ║[39m
[2026-06-05T11:24:51.503Z] [LOG] [32m║   • Info/ping             ║[39m
[2026-06-05T11:24:51.506Z] [LOG] [32m║                           ║[39m
[2026-06-05T11:24:51.508Z] [LOG] [32m╚═══════════════════════════╝[39m
[2026-06-05T11:24:51.512Z] [LOG] [35mSUCCESS: Message commands loaded successfully![39m
[2026-06-05T11:24:52.152Z] [LOG] [35mSUCCESS: Slash commands registered successfully![39m
[2026-06-05T11:24:52.898Z] [LOG] [32m[INFO] App logged in successfully[39m
[2026-06-05T11:24:52.970Z] [LOG] ╔────────────────────────────────────────╗
[2026-06-05T11:24:52.971Z] [LOG] ║ BOT READY                              ║
[2026-06-05T11:24:52.972Z] [LOG] ╠────────────────────────────────────────╣
[2026-06-05T11:24:52.973Z] [LOG] ║ Logged in as Ken & Kazumi Store#1384   ║
[2026-06-05T11:24:52.973Z] [LOG] ╚────────────────────────────────────────╝
[2026-06-05T11:25:03.455Z] [ERROR] [INTERACTION ERROR] TypeError: Cannot convert undefined or null to object
[2026-06-05T11:32:21.887Z] [LOG] [LOGGER] Log file: D:\Project Gabut\bot-anomalies\anri\logs\bot.log
[2026-06-05T11:32:23.584Z] [LOG] [36m╔──────────────────────────╗[39m
[2026-06-05T11:32:23.584Z] [LOG] [36m║ LOADED EVENTS:           ║[39m
[2026-06-05T11:32:23.586Z] [LOG] [36m║   • interactionCreate    ║[39m
[2026-06-05T11:32:23.587Z] [LOG] [36m║   • messageCreate        ║[39m
[2026-06-05T11:32:23.587Z] [LOG] [36m║   • clientReady (once)   ║[39m
[2026-06-05T11:32:23.588Z] [LOG] [36m║                          ║[39m
[2026-06-05T11:32:23.588Z] [LOG] [36m╚──────────────────────────╝[39m
[2026-06-05T11:32:23.588Z] [LOG] [35mAll events loaded successfully![39m
[2026-06-05T11:32:23.609Z] [LOG] [RANKING] Weekly reset timer started. Next Monday WIB reset ≈ 2026-06-07T17:00:00.000Z
[2026-06-05T11:32:23.633Z] [LOG] [32m╔─────────────────────────────╗[39m
[2026-06-05T11:32:23.634Z] [LOG] [32m║ LOADED COMMANDS:            ║[39m
[2026-06-05T11:32:23.635Z] [LOG] [32m║   • autologin               ║[39m
[2026-06-05T11:32:23.635Z] [LOG] [32m║   • autopanel               ║[39m
[2026-06-05T11:32:23.635Z] [LOG] [32m║   • ping                    ║[39m
[2026-06-05T11:32:23.636Z] [LOG] [32m║   • ranking                 ║[39m
[2026-06-05T11:32:23.636Z] [LOG] [32m║   • ticket                  ║[39m
[2026-06-05T11:32:23.637Z] [LOG] [32m║   • autopost                ║[39m
[2026-06-05T11:32:23.637Z] [LOG] [32m║   • settoken                ║[39m
[2026-06-05T11:32:23.637Z] [LOG] [32m║   • button-1                ║[39m
[2026-06-05T11:32:23.637Z] [LOG] [32m║   • button-2                ║[39m
[2026-06-05T11:32:23.638Z] [LOG] [32m║   • button-3                ║[39m
[2026-06-05T11:32:23.638Z] [LOG] [32m║   • file-component          ║[39m
[2026-06-05T11:32:23.638Z] [LOG] [32m║   • media-gallery           ║[39m
[2026-06-05T11:32:23.638Z] [LOG] [32m║   • menu                    ║[39m
[2026-06-05T11:32:23.639Z] [LOG] [32m║   • section-and-thumbnail   ║[39m
[2026-06-05T11:32:23.639Z] [LOG] [32m║   • separator               ║[39m
[2026-06-05T11:32:23.639Z] [LOG] [32m║   • text-display            ║[39m
[2026-06-05T11:32:23.639Z] [LOG] [32m║   • v2-components           ║[39m
[2026-06-05T11:32:23.640Z] [LOG] [32m║                             ║[39m
[2026-06-05T11:32:23.640Z] [LOG] [32m╚─────────────────────────────╝[39m
[2026-06-05T11:32:23.647Z] [LOG] [32m╔═══════════════════════════╗[39m
[2026-06-05T11:32:23.648Z] [LOG] [32m║ LOADED COMMANDS:          ║[39m
[2026-06-05T11:32:23.649Z] [LOG] [32m║   • AutoLogin/autologin   ║[39m
[2026-06-05T11:32:23.649Z] [LOG] [32m║   • AutoPost/autopost     ║[39m
[2026-06-05T11:32:23.649Z] [LOG] [32m║   • Info/ping             ║[39m
[2026-06-05T11:32:23.649Z] [LOG] [32m║                           ║[39m
[2026-06-05T11:32:23.650Z] [LOG] [32m╚═══════════════════════════╝[39m
[2026-06-05T11:32:23.650Z] [LOG] [35mSUCCESS: Message commands loaded successfully![39m
[2026-06-05T11:32:24.421Z] [LOG] [35mSUCCESS: Slash commands registered successfully![39m
[2026-06-05T11:32:25.641Z] [LOG] [32m[INFO] App logged in successfully[39m
[2026-06-05T11:32:25.833Z] [LOG] ╔────────────────────────────────────────╗
[2026-06-05T11:32:25.833Z] [LOG] ║ BOT READY                              ║
[2026-06-05T11:32:25.834Z] [LOG] ╠────────────────────────────────────────╣
[2026-06-05T11:32:25.834Z] [LOG] ║ Logged in as Ken & Kazumi Store#1384   ║
[2026-06-05T11:32:25.835Z] [LOG] ╚────────────────────────────────────────╝
[2026-06-05T11:36:30.579Z] [LOG] [LOGGER] Log file: D:\Project Gabut\bot-anomalies\anri\logs\bot.log
[2026-06-05T11:36:32.357Z] [LOG] [36m╔──────────────────────────╗[39m
[2026-06-05T11:36:32.358Z] [LOG] [36m║ LOADED EVENTS:           ║[39m
[2026-06-05T11:36:32.359Z] [LOG] [36m║   • interactionCreate    ║[39m
[2026-06-05T11:36:32.360Z] [LOG] [36m║   • messageCreate        ║[39m
[2026-06-05T11:36:32.361Z] [LOG] [36m║   • clientReady (once)   ║[39m
[2026-06-05T11:36:32.361Z] [LOG] [36m║                          ║[39m
[2026-06-05T11:36:32.361Z] [LOG] [36m╚──────────────────────────╝[39m
[2026-06-05T11:36:32.362Z] [LOG] [35mAll events loaded successfully![39m
[2026-06-05T11:36:32.407Z] [LOG] [RANKING] Weekly reset timer started. Next Monday WIB reset ≈ 2026-06-07T17:00:00.000Z
[2026-06-05T11:36:32.436Z] [LOG] [32m╔─────────────────────────────╗[39m
[2026-06-05T11:36:32.436Z] [LOG] [32m║ LOADED COMMANDS:            ║[39m
[2026-06-05T11:36:32.437Z] [LOG] [32m║   • autologin               ║[39m
[2026-06-05T11:36:32.437Z] [LOG] [32m║   • autopanel               ║[39m
[2026-06-05T11:36:32.438Z] [LOG] [32m║   • ping                    ║[39m
[2026-06-05T11:36:32.438Z] [LOG] [32m║   • ranking                 ║[39m
[2026-06-05T11:36:32.439Z] [LOG] [32m║   • ticket                  ║[39m
[2026-06-05T11:36:32.440Z] [LOG] [32m║   • autopost                ║[39m
[2026-06-05T11:36:32.441Z] [LOG] [32m║   • settoken                ║[39m
[2026-06-05T11:36:32.442Z] [LOG] [32m║   • button-1                ║[39m
[2026-06-05T11:36:32.442Z] [LOG] [32m║   • button-2                ║[39m
[2026-06-05T11:36:32.443Z] [LOG] [32m║   • button-3                ║[39m
[2026-06-05T11:36:32.443Z] [LOG] [32m║   • file-component          ║[39m
[2026-06-05T11:36:32.444Z] [LOG] [32m║   • media-gallery           ║[39m
[2026-06-05T11:36:32.444Z] [LOG] [32m║   • menu                    ║[39m
[2026-06-05T11:36:32.445Z] [LOG] [32m║   • section-and-thumbnail   ║[39m
[2026-06-05T11:36:32.445Z] [LOG] [32m║   • separator               ║[39m
[2026-06-05T11:36:32.445Z] [LOG] [32m║   • text-display            ║[39m
[2026-06-05T11:36:32.446Z] [LOG] [32m║   • v2-components           ║[39m
[2026-06-05T11:36:32.446Z] [LOG] [32m║                             ║[39m
[2026-06-05T11:36:32.446Z] [LOG] [32m╚─────────────────────────────╝[39m
[2026-06-05T11:36:32.456Z] [LOG] [32m╔═══════════════════════════╗[39m
[2026-06-05T11:36:32.460Z] [LOG] [32m║ LOADED COMMANDS:          ║[39m
[2026-06-05T11:36:32.461Z] [LOG] [32m║   • AutoLogin/autologin   ║[39m
[2026-06-05T11:36:32.462Z] [LOG] [32m║   • AutoPost/autopost     ║[39m
[2026-06-05T11:36:32.462Z] [LOG] [32m║   • Info/ping             ║[39m
[2026-06-05T11:36:32.463Z] [LOG] [32m║                           ║[39m
[2026-06-05T11:36:32.463Z] [LOG] [32m╚═══════════════════════════╝[39m
[2026-06-05T11:36:32.463Z] [LOG] [35mSUCCESS: Message commands loaded successfully![39m
[2026-06-05T11:36:33.050Z] [LOG] [35mSUCCESS: Slash commands registered successfully![39m
[2026-06-05T11:36:33.636Z] [LOG] [32m[INFO] App logged in successfully[39m
[2026-06-05T11:36:33.939Z] [LOG] ╔────────────────────────────────────────╗
[2026-06-05T11:36:33.940Z] [LOG] ║ BOT READY                              ║
[2026-06-05T11:36:33.941Z] [LOG] ╠────────────────────────────────────────╣
[2026-06-05T11:36:33.942Z] [LOG] ║ Logged in as Ken & Kazumi Store#1384   ║
[2026-06-05T11:36:33.942Z] [LOG] ╚────────────────────────────────────────╝
